[master 055abde] Daily backup - 2026-02-16 23:30
 2 files changed, 55 insertions(+), 2 deletions(-)
 create mode 100755 scripts/diary_entry.sh
To https://github.com/danielkunstmann184-source/openclaw-backup.git
   265fba7..055abde  master -> master
[2026-02-16 23:30] Backup successful
2026-02-17 06:47 - Backup system configured
To https://github.com/danielkunstmann184-source/openclaw-backup.git
   c969af0..d5c893c  master -> master
[2026-02-17 08:07] ✅ Backup erfolgreich
To https://github.com/danielkunstmann184-source/openclaw-backup.git
   3b4c556..ba28beb  master -> master
[2026-02-17 10:56] ✅ Backup erfolgreich
To https://github.com/danielkunstmann184-source/openclaw-backup.git
   ba28beb..a0a9b0c  master -> master
[2026-02-17 13:42] ✅ Backup erfolgreich
To https://github.com/danielkunstmann184-source/openclaw-backup.git
   a0a9b0c..b390ca2  master -> master
[2026-02-17 15:43] ✅ Backup erfolgreich
To https://github.com/danielkunstmann184-source/openclaw-backup.git
   b390ca2..298cd94  master -> master
[2026-02-17 17:28] ✅ Backup erfolgreich
To https://github.com/danielkunstmann184-source/openclaw-backup.git
   298cd94..c78334d  master -> master
[2026-02-17 18:06] ✅ Backup erfolgreich
To https://github.com/danielkunstmann184-source/openclaw-backup.git
   c78334d..163041b  master -> master
[2026-02-17 18:08] ✅ Backup erfolgreich
To https://github.com/danielkunstmann184-source/openclaw-backup.git
   163041b..21b8072  master -> master
[2026-02-17 19:03] ✅ Backup erfolgreich
To https://github.com/danielkunstmann184-source/openclaw-backup.git
   21b8072..d7b5628  master -> master
[2026-02-17 19:10] ✅ Backup erfolgreich
To https://github.com/danielkunstmann184-source/openclaw-backup.git
   d7b5628..bb1b654  master -> master
[2026-02-17 19:14] ✅ Backup erfolgreich
