[2026-02-28 17:16:01] file_6---6b4182ed-15d2-4acb-9583-c14ddff783df.ogg: [00:27.320 --> 00:32.160]  Das X-Trakt aus der Markdown-Datei in klartext.
[2026-02-28 17:16:08] file_6---a33f0713-e271-45b1-aa70-f658fbc68b59.ogg: [00:27.320 --> 00:32.160]  Das X-Trakt aus der Markdown-Datei in klartext.
[2026-02-28 17:16:12] file_3---8bdfd139-c9ea-4262-9734-beab9e625d3c.ogg: [00:07.400 --> 00:13.400]  Wie funktioniert der? Ist das aktiv? Kann ich den Einschalten? Wie sieht's das aus?
[2026-02-28 17:16:21] file_8---cbfb5339-b1c5-4537-9266-2b3342e8616f.ogg: [00:41.040 --> 00:48.720]  bin ich jetzt zu Hause und verbringen ein Abend mit meinem besten Kombil Michael und seinem Sohn Ben und Jonas.
[2026-02-28 17:16:26] file_4---6421f649-5cda-465e-8e13-3c61b9974607.ogg: [00:09.280 --> 00:15.680]  und das du mir entsprechend mit einer Sprachnachricht hier im Telegram Chat auch zurück an Fortest.
[2026-02-28 17:16:30] file_2---817029d3-a3f3-49c2-9271-861ca0aeb0e2.ogg: [00:08.000 --> 00:12.000]  Was heißt das für dich? Dann muss so eine Lösung finden.
[2026-02-28 17:16:33] file_12---565a98bd-3194-45bd-907b-9b2df3dfae68.ogg: [00:00.000 --> 00:02.000]  Fix das Problem.
[2026-02-28 17:16:38] file_10---c655be23-e9e9-44f5-b6e2-75ccb8fa9a16.ogg: [00:15.040 --> 00:19.800]  Zwar haben wir schnell Mittag und danach wäre es Trampoline noch schnell fertigstellen.
[2026-02-28 17:16:42] file_1---dd5ad856-3bf5-4979-be8c-2900e7c411bd.ogg: [00:07.240 --> 00:12.400]  aktualisierer automatisch oder finde eine Lösung dafür.
[2026-02-28 17:16:49] file_6---6498e30b-457d-4ba2-9440-50e1dbc37183.ogg: [00:27.320 --> 00:32.160]  Das X-Trakt aus der Markdown-Datei in klartext.
[2026-02-28 17:16:55] file_9---8134dd58-92d4-4908-b5b6-166cd381f000.ogg: [00:18.000 --> 00:22.000]  im Monat für März das zumindest die Zielstellung.
[2026-02-28 17:40:07] file_15---4d0fcdfd-9281-4e91-9541-cfaa4cedc311.ogg: [00:00.000 --> 00:02.000]  So, und was nun?
[2026-02-28 17:55:07] file_16---2b014015-f99e-40e4-b9d4-3c7d93a0b46d.ogg: [00:00.000 --> 00:04.000]  Was muss ich machen für den Gateway Restart?
[2026-03-01 07:25:10] file_17---544e215a-dd62-47a7-890b-8c0c79088100.ogg: [00:25.040 --> 00:31.360]  Kauch, Juni und ich und haben den Tag ausklingen lassen.
[2026-03-01 11:25:10] file_21---eb558ca2-fdd0-4a60-b10a-61a175478c4c.ogg: [00:26.800 --> 00:29.080]  ist, dem ich vielleicht nicht so etwas schon wissen können.
[2026-03-01 11:25:13] file_20---f254ac0a-79ee-46c0-880b-08476c2f356d.ogg: [00:00.000 --> 00:03.840]  Ich habe dir eine verdammte Sprachnachricht geschickt.
[2026-03-01 11:25:16] file_19---0008f6eb-fcce-44aa-8f27-7d2f1a3538ff.ogg: [00:00.000 --> 00:03.000]  So dann testet mir die Scheiße doch mal aus.
[2026-03-01 11:30:06] file_24---37b6659c-e022-4fa1-95f1-da972894efd0.ogg: [00:00.000 --> 00:03.000]  Es funktioniert nicht mehr.
[2026-03-01 11:30:10] file_23---f359263e-cdf6-43ab-92a1-41f6e473094e.ogg: [00:00.000 --> 00:05.560]  Ja und was ist mit der Sprachnachrichter vor, die ich 12 Uhr 23 ab gesendet habe?
[2026-03-01 11:30:14] file_22---d4fc8f18-caea-41a8-9a2c-a5636e44c72f.ogg: [00:04.000 --> 00:05.000]  Ich schreihe zu da.
[2026-03-01 11:30:18] file_26---64f2c502-396d-4795-ba01-0841e9e94a65.ogg: [00:06.000 --> 00:10.000]  und mir auf manche dann demensprechend auch nicht ganz vordert hast.
[2026-03-01 11:40:10] file_27---f69c507d-77e7-4156-8311-d11f30c3b7bb.ogg: [00:00.000 --> 00:06.000]  So, dann probieren wir das doch gleich noch mal.
[2026-03-01 11:50:07] file_28---ef9d0c78-d283-4d1a-993e-07fb03047197.ogg: [00:00.000 --> 00:02.000]  gut ich verstehe
